Д/з 1:
1)надеюсь научиться работать с базами данных, понять, как их используют, принципы выбора и создания, использования БД.
2)сейчас работаю в сфере медицины
3)никакого опыта в ай-ти

Д/з 2:
1)создать файл my.cnf, прикрепляю, создавала в дибивере. 
2)Создать базу данных example, разместить в ней таблицу users, состоящую из двух столбцов, числового id и строкового name.
создавала в powersell поэтому прикрепляю копию вводимых коменд, а не sql-файл, если лучше sql-файлом - пожалуйста напишите.
PS C:\Users\tosha> mysql
Welcome to the MySQL monitor.  Commands end with ; or \g.
Your MySQL connection id is 21
Server version: 8.0.26 MySQL Community Server - GPL

Copyright (c) 2000, 2021, Oracle and/or its affiliates.

Oracle is a registered trademark of Oracle Corporation and/or its
affiliates. Other names may be trademarks of their respective
owners.

Type 'help;' or '\h' for help. Type '\c' to clear the current input statement.

mysql> CREATE DATABASE example;
Query OK, 1 row affected (0.07 sec)

mysql> USE example;
Database changed
mysql> CREATE TABLE IF NOT EXISTS users(
    -> id SERIAL PRIMARY KEY,
    -> name VARCHAR(225)
    -> );
Query OK, 0 rows affected (0.11 sec)
3)Создать дамп базы данных example из предыдущего задания, развернуть содержимое дампа в новую базу данных sample.
также прикреплю 2 дампа - из powersell и из cmd.

mysql> CREATE DATABASE sample;
Query OK, 1 row affected (0.01 sec)

mysql> \q
Bye
PS C:\Users\tosha> mysqldump example --result-file=examplе1.sql (Подсмотрела у гугла создание в другой коироваке)
Все попытки развернуть дамп из пауэршелла провалились, так что я сделала это через воркбэнч, используя кодировку асции. 

Через командную строку получилась развернуть только дамп созданный в powersell в асции:
C:\Users\tosha>mysql
Welcome to the MySQL monitor.  Commands end with ; or \g.
Your MySQL connection id is 45
Server version: 8.0.26 MySQL Community Server - GPL

Copyright (c) 2000, 2021, Oracle and/or its affiliates.

Oracle is a registered trademark of Oracle Corporation and/or its
affiliates. Other names may be trademarks of their respective
owners.

Type 'help;' or '\h' for help. Type '\c' to clear the current input statement.

mysql> create database sample2;
Query OK, 1 row affected (0.02 sec)

mysql> create database sample3;
Query OK, 1 row affected (0.02 sec)

mysql> \q
Bye

C:\Users\tosha>mysql sample2 < example.sql
ERROR: ASCII '\0' appeared in the statement, but this is not allowed unless option --binary-mode is enabled and mysql is run in non-interactive mode. Set --binary-mode to 1 if ASCII '\0' is expected. Query: ' ■-'.

C:\Users\tosha>mysql sample2 < example1.sql

C:\Users\tosha>

Также опытным путем было выяснено, что можно сдуру переразвернуть БД поверх существующей и ни одна программа даже не ругнется) 
а также что созданные обычным способом в коммандной строке дампы тоже работают:
C:\Users\tosha>mysqldump example > example_cmd.sql

C:\Users\tosha>mysql sample2 < example_cmd.sql

C:\Users\tosha>mysql sample3 < example_cmd.sql

C:\Users\tosha>

4) Создать дамп единственной таблицы help_keyword базы данных mysql. 
Причем добиться того, чтобы дамп содержал только первые 100 строк таблицы.
прикрепляю дамп.


C:\Users\tosha>mysqldump mysql help_keyword --where="true order by help_keyword_id limit 100" > table100sorted.sql